............                                                             [100%]
12 passed in 0.04s
